============================= test session starts ==============================
platform darwin -- Python 3.8.18, pytest-7.4.4, pluggy-1.5.0 -- /Users/chepuriharikiran/.pyenv/versions/3.8.18/bin/python3
cachedir: .pytest_cache
hypothesis profile 'default' -> database=DirectoryBasedExampleDatabase(PosixPath('/Users/chepuriharikiran/Desktop/github/lumina-ai-learning/.hypothesis/examples'))
rootdir: /Users/chepuriharikiran/Desktop/github/lumina-ai-learning
plugins: time-machine-2.15.0, hypothesis-6.113.0, asyncio-0.23.3, Faker-35.2.2, cov-4.1.0, anyio-3.7.1
asyncio: mode=strict
collecting ... collected 2 items

backend/tests/test_ai_router.py::test_ai_tutor_endpoint FAILED           [ 50%]
backend/tests/test_ai_router.py::test_ai_chat_endpoint PASSED            [100%]

=================================== FAILURES ===================================
____________________________ test_ai_tutor_endpoint ____________________________

thing = <module 'google.generativeai' from '/Users/chepuriharikiran/.pyenv/versions/3.8.18/lib/python3.8/site-packages/google/generativeai/__init__.py'>
comp = 'GenerativeModel', import_path = 'google.generativeai.GenerativeModel'

    def _dot_lookup(thing, comp, import_path):
        try:
>           return getattr(thing, comp)
E           AttributeError: module 'google.generativeai' has no attribute 'GenerativeModel'

../../../.pyenv/versions/3.8.18/lib/python3.8/unittest/mock.py:1215: AttributeError

During handling of the above exception, another exception occurred:

client = <starlette.testclient.TestClient object at 0x161039430>

    def test_ai_tutor_endpoint(client):
        """
        Verifies /api/tutor/generate-ppt and /generate endpoints.
        Mocks the actual Gemini call to test router logic + key config usage.
        """
        mock_response_text = '[{"type": "text_block", "content": "AI is cool."}]'

>       with patch("google.generativeai.GenerativeModel.generate_content", return_value=MockGeminiResponse(mock_response_text)) as mock_generate:

backend/tests/test_ai_router.py:18:
_ _ _ _ _ _ _ _ _ _ _ _ _ _ _ _ _ _ _ _ _ _ _ _ _ _ _ _ _ _ _ _ _ _ _ _ _ _ _ _
../../../.pyenv/versions/3.8.18/lib/python3.8/unittest/mock.py:1377: in __enter__
    self.target = self.getter()
../../../.pyenv/versions/3.8.18/lib/python3.8/unittest/mock.py:1552: in <lambda>
    getter = lambda: _importer(target)
../../../.pyenv/versions/3.8.18/lib/python3.8/unittest/mock.py:1228: in _importer
    thing = _dot_lookup(thing, comp, import_path)
_ _ _ _ _ _ _ _ _ _ _ _ _ _ _ _ _ _ _ _ _ _ _ _ _ _ _ _ _ _ _ _ _ _ _ _ _ _ _ _

thing = <module 'google.generativeai' from '/Users/chepuriharikiran/.pyenv/versions/3.8.18/lib/python3.8/site-packages/google/generativeai/__init__.py'>
comp = 'GenerativeModel', import_path = 'google.generativeai.GenerativeModel'

    def _dot_lookup(thing, comp, import_path):
        try:
            return getattr(thing, comp)
        except AttributeError:
>           __import__(import_path)
E           ModuleNotFoundError: No module named 'google.generativeai.GenerativeModel'

../../../.pyenv/versions/3.8.18/lib/python3.8/unittest/mock.py:1217: ModuleNotFoundError
---------------------------- Captured stdout setup -----------------------------
Connected to MongoDB
=============================== warnings summary ===============================
../../../.pyenv/versions/3.8.18/lib/python3.8/site-packages/google/api_core/_python_version_support.py:237
  /Users/chepuriharikiran/.pyenv/versions/3.8.18/lib/python3.8/site-packages/google/api_core/_python_version_support.py:237: FutureWarning: You are using a non-supported Python version (3.8.18). Google will not post any further updates to google.api_core supporting this Python version. Please upgrade to the latest Python version, or at least Python 3.10, and then update google.api_core.
    warnings.warn(message, FutureWarning)

../../../.pyenv/versions/3.8.18/lib/python3.8/site-packages/pydantic/_internal/_config.py:271
  /Users/chepuriharikiran/.pyenv/versions/3.8.18/lib/python3.8/site-packages/pydantic/_internal/_config.py:271: PydanticDeprecatedSince20: Support for class-based `config` is deprecated, use ConfigDict instead. Deprecated in Pydantic V2.0 to be removed in V3.0. See Pydantic V2 Migration Guide at https://errors.pydantic.dev/2.5/migration/
    warnings.warn(DEPRECATION_MESSAGE, DeprecationWarning)

backend/app/main.py:50
  /Users/chepuriharikiran/Desktop/github/lumina-ai-learning/backend/app/main.py:50: DeprecationWarning:
          on_event is deprecated, use lifespan event handlers instead.

          Read more about it in the
          [FastAPI docs for Lifespan Events](https://fastapi.tiangolo.com/advanced/events/).

    @app.on_event("startup")

../../../.pyenv/versions/3.8.18/lib/python3.8/site-packages/fastapi/applications.py:4495
../../../.pyenv/versions/3.8.18/lib/python3.8/site-packages/fastapi/applications.py:4495
  /Users/chepuriharikiran/.pyenv/versions/3.8.18/lib/python3.8/site-packages/fastapi/applications.py:4495: DeprecationWarning:
          on_event is deprecated, use lifespan event handlers instead.

          Read more about it in the
          [FastAPI docs for Lifespan Events](https://fastapi.tiangolo.com/advanced/events/).

    return self.router.on_event(event_type)

backend/app/main.py:58
  /Users/chepuriharikiran/Desktop/github/lumina-ai-learning/backend/app/main.py:58: DeprecationWarning:
          on_event is deprecated, use lifespan event handlers instead.

          Read more about it in the
          [FastAPI docs for Lifespan Events](https://fastapi.tiangolo.com/advanced/events/).

    @app.on_event("shutdown")

-- Docs: https://docs.pytest.org/en/stable/how-to/capture-warnings.html
=========================== short test summary info ============================
FAILED backend/tests/test_ai_router.py::test_ai_tutor_endpoint - ModuleNotFou...
=================== 1 failed, 1 passed, 6 warnings in 0.50s ====================
